Microchip MPLAB XC8 Compiler V2.45

Linker command line:

-W-3 \
  --edf=C:\Program Files\Microchip\xc8\v2.45\pic\dat\20230818022343_en.msgs \
  -cn -h+dist/default/debug\new_my_project.X.debug.sym \
  --cmf=dist/default/debug\new_my_project.X.debug.cmf -z -Q18F4620 \
  -oC:\Users\mibra\AppData\Local\Temp\xcAsd2g.\driver_tmp_3.o \
  --defsym=__MPLAB_BUILD=1 --fixupoverflow=error \
  -Mdist/default/debug/new_my_project.X.debug.map \
  --md=C:\Users\mibra\AppData\Local\Temp\xcAsd2g.\driver_tmp_0.dat -E1 \
  -ver=XC8 Compiler --acfsm=1493 -ACODE=00h-0FFFFh -ACONST=00h-0FFFFh \
  -ASMALLCONST=01000h-010FFhx240 -AMEDIUMCONST=01000h-0FFFFh \
  -ACOMRAM=01h-07Fh -AABS1=00h-0F7Fh -ABIGRAM=01h-0F7Fh \
  -ARAM=080h-0FFh,0100h-01FFhx14,0F00h-0F7Fh -ABANK0=080h-0FFh \
  -ABANK1=0100h-01FFh -ABANK2=0200h-02FFh -ABANK3=0300h-03FFh \
  -ABANK4=0400h-04FFh -ABANK5=0500h-05FFh -ABANK6=0600h-06FFh \
  -ABANK7=0700h-07FFh -ABANK8=0800h-08FFh -ABANK9=0900h-09FFh \
  -ABANK10=0A00h-0AFFh -ABANK11=0B00h-0BFFh -ABANK12=0C00h-0CFFh \
  -ABANK13=0D00h-0DFFh -ABANK14=0E00h-0EFFh -ABANK15=0F00h-0F7Fh \
  -ASFR=0F80h-0FFFh -ABIGSFR=0F80h-0FFFh -ACONFIG=0300000h-030000Dh \
  -AIDLOC=0200000h-0200007h -AEEDATA=0F00000h-0F003FFh -peeprom_data=EEDATA \
  -preset_vec=00h,intcode,intcodelo,powerup,init -pramtop=01000h \
  -psmallconst=SMALLCONST -pmediumconst=MEDIUMCONST -pconst=CONST \
  -AFARRAM=00h-00h \
  -prdata=COMRAM,nvrram=COMRAM,nvbit=COMRAM,rbss=COMRAM,rbit=COMRAM \
  -pfarbss=FARRAM,fardata=FARRAM,nvFARRAM=FARRAM \
  -pintsave_regs=BIGRAM,bigbss=BIGRAM,bigdata=BIGRAM -pbss=RAM \
  -pidata=CODE,irdata=CODE,ibigdata=CODE,ifardata=CODE -prparam=COMRAM \
  C:\Users\mibra\AppData\Local\Temp\xcAsd2g.\driver_tmp_9.o \
  dist/default/debug\new_my_project.X.debug.o 

Object code version is 3.11

Machine type is 18F4620



                Name                               Link     Load   Length Selector   Space Scale
C:\Users\mibra\AppData\Local\Temp\xcAsd2g.\driver_tmp_9.o
                config                           300000   300000        E        0       4
                init                                  0        0        4        0       0
dist/default/debug\new_my_project.X.debug.o
                config                           300000   300000        E        0       4
                smallconst                         1000     1000       20      800       0
                text11                             1020     1020      126      810       0
                text10                             1146     1146      110      810       0
                text9                              152C     152C       5E      810       0
                text8                              158A     158A       58      810       0
                text7                              167A     167A       24      810       0
                text6                              144E     144E       76      810       0
                text5                              1256     1256       EA      810       0
                text4                              169E     169E       12      810       0
                text3                              13D8     13D8       76      810       0
                text2                              1340     1340       98      810       0
                text1                              14C4     14C4       68      810       0
                text0                              1618     1618       34      810       0
                cstackCOMRAM                         2F       2F       1B        1       1
                dataCOMRAM                            1        1       2E        1       1
                bssCOMRAM                            4A       4A        7        1       1
                cinit                              15E2     15E2       36      810       0
                idataCOMRAM                        164C     164C       2E      810       0

TOTAL           Name                               Link     Load   Length     Space
        CLASS   CODE           
                init                                  0        0        4         0
                text11                             1020     1020      126         0
                text10                             1146     1146      110         0
                text9                              152C     152C       5E         0
                text8                              158A     158A       58         0
                text7                              167A     167A       24         0
                text6                              144E     144E       76         0
                text5                              1256     1256       EA         0
                text4                              169E     169E       12         0
                text3                              13D8     13D8       76         0
                text2                              1340     1340       98         0
                text1                              14C4     14C4       68         0
                text0                              1618     1618       34         0
                cinit                              15E2     15E2       36         0
                idataCOMRAM                        164C     164C       2E         0

        CLASS   CONST          

        CLASS   SMALLCONST     
                smallconst                         1000     1000       20         0

        CLASS   MEDIUMCONST    

        CLASS   COMRAM         
                cstackCOMRAM                         2F       2F       1B         1
                dataCOMRAM                            1        1       2E         1
                bssCOMRAM                            4A       4A        7         1

        CLASS   ABS1           

        CLASS   BIGRAM         

        CLASS   RAM            

        CLASS   BANK0          

        CLASS   BANK1          

        CLASS   BANK2          

        CLASS   BANK3          

        CLASS   BANK4          

        CLASS   BANK5          

        CLASS   BANK6          

        CLASS   BANK7          

        CLASS   BANK8          

        CLASS   BANK9          

        CLASS   BANK10         

        CLASS   BANK11         

        CLASS   BANK12         

        CLASS   BANK13         

        CLASS   BANK14         

        CLASS   BANK15         

        CLASS   SFR            

        CLASS   BIGSFR         

        CLASS   CONFIG         
                config                           300000   300000        E         4

        CLASS   IDLOC          

        CLASS   EEDATA         

        CLASS   FARRAM         

        CLASS   HEAP           

        CLASS   STACK          



SEGMENTS        Name                           Load    Length   Top    Selector   Space  Class

                reset_vec                      000000  000004  000004         0       0  CODE    
                dataCOMRAM                     000001  000050  000051         1       1  COMRAM  
                smallconst                     001000  000020  001020       800       0  SMALLCON
                text11                         001020  000690  0016B0       810       0  CODE    


UNUSED ADDRESS RANGES

        Name                Unused          Largest block    Delta
        BANK0            000080-0000FF               80
        BANK1            000100-0001FF              100
        BANK10           000A00-000AFF              100
        BANK11           000B00-000BFF              100
        BANK12           000C00-000CFF              100
        BANK13           000D00-000DFF              100
        BANK14           000E00-000EFF              100
        BANK15           000F00-000F7F               80
        BANK2            000200-0002FF              100
        BANK3            000300-0003FF              100
        BANK4            000400-0004FF              100
        BANK5            000500-0005FF              100
        BANK6            000600-0006FF              100
        BANK7            000700-0007FF              100
        BANK8            000800-0008FF              100
        BANK9            000900-0009FF              100
        BIGRAM           000051-000F7F              F2F
        BIGSFR           000F80-000FFF               80
        CODE             000004-000FFF              FFC
                         0016B0-00FFFF             E950
        COMRAM           000051-00007F               2F
        CONST            000004-000FFF              FFC
                         0016B0-00FFFF             E950
        EEDATA           F00000-F003FF              400
        IDLOC            200000-200007                8
        MEDIUMCONST      0016B0-00FFFF             E950
        RAM              000080-000F7F              100
        SFR              000F80-000FFF               80
        SMALLCONST       0016B0-00FFFF              100

                                  Symbol Table

_LATA                                    (abs)        000F89
_LATB                                    (abs)        000F8A
_LATC                                    (abs)        000F8B
_LATD                                    (abs)        000F8C
_LATE                                    (abs)        000F8D
_PORTA                                   (abs)        000F80
_PORTB                                   (abs)        000F81
_PORTC                                   (abs)        000F82
_PORTD                                   (abs)        000F83
_PORTE                                   (abs)        000F84
_TRISA                                   (abs)        000F92
_TRISB                                   (abs)        000F93
_TRISC                                   (abs)        000F94
_TRISD                                   (abs)        000F95
_TRISE                                   (abs)        000F96
__HRAM                                   (abs)        000000
__H__absolute__                          __absolute__ 000000
__Habs1                                  abs1         000000
__Hbank0                                 bank0        000000
__Hbank1                                 bank1        000000
__Hbank10                                bank10       000000
__Hbank11                                bank11       000000
__Hbank12                                bank12       000000
__Hbank13                                bank13       000000
__Hbank14                                bank14       000000
__Hbank15                                bank15       000000
__Hbank2                                 bank2        000000
__Hbank3                                 bank3        000000
__Hbank4                                 bank4        000000
__Hbank5                                 bank5        000000
__Hbank6                                 bank6        000000
__Hbank7                                 bank7        000000
__Hbank8                                 bank8        000000
__Hbank9                                 bank9        000000
__Hbigbss                                bigbss       000000
__Hbigdata                               bigdata      000000
__Hbigram                                bigram       000000
__Hbigsfr                                bigsfr       000000
__Hbss                                   bss          000000
__HbssCOMRAM                             bssCOMRAM    000000
__Hcinit                                 cinit        000000
__Hclrtext                               clrtext      000000
__Hcomram                                comram       000000
__Hconfig                                config       30000E
__Hconst                                 const        000000
__HcstackCOMRAM                          cstackCOMRAM 000000
__Hdata                                  data         000000
__HdataCOMRAM                            dataCOMRAM   000000
__Heeprom_data                           eeprom_data  000000
__Hfarbss                                farbss       000000
__Hfardata                               fardata      000000
__Hheap                                  heap         000000
__Hibigdata                              ibigdata     000000
__Hidata                                 idata        000000
__HidataCOMRAM                           idataCOMRAM  000000
__Hidloc                                 idloc        000000
__Hifardata                              ifardata     000000
__Hinit                                  init         000004
__Hintcode                               intcode      000000
__Hintcode_body                          intcode_body 000000
__Hintcodelo                             intcodelo    000000
__Hintentry                              intentry     000000
__Hintret                                intret       000000
__Hintsave_regs                          intsave_regs 000000
__Hirdata                                irdata       000000
__Hmediumconst                           mediumconst  000000
__HnvFARRAM                              nvFARRAM     000000
__Hnvbit                                 nvbit        000000
__Hnvrram                                nvrram       000000
__Hparam                                 rparam       000000
__Hpowerup                               powerup      000000
__Hram                                   ram          000000
__Hramtop                                ramtop       001000
__Hrbit                                  rbit         000000
__Hrbss                                  rbss         000000
__Hrdata                                 rdata        000000
__Hreset_vec                             reset_vec    000000
__Hrparam                                rparam       000000
__Hsfr                                   sfr          000000
__Hsmallconst                            smallconst   001020
__Hspace_0                               (abs)        0016B0
__Hspace_1                               (abs)        000051
__Hspace_2                               (abs)        000000
__Hspace_4                               (abs)        60000E
__Hstack                                 stack        000000
__Hstruct                                struct       000000
__Htemp                                  temp         000000
__Htext                                  text         000000
__Htext0                                 text0        000000
__Htext1                                 text1        000000
__Htext10                                text10       000000
__Htext11                                text11       000000
__Htext2                                 text2        000000
__Htext3                                 text3        000000
__Htext4                                 text4        000000
__Htext5                                 text5        000000
__Htext6                                 text6        000000
__Htext7                                 text7        000000
__Htext8                                 text8        000000
__Htext9                                 text9        000000
__LRAM                                   (abs)        000001
__L__absolute__                          __absolute__ 000000
__Labs1                                  abs1         000000
__Lbank0                                 bank0        000000
__Lbank1                                 bank1        000000
__Lbank10                                bank10       000000
__Lbank11                                bank11       000000
__Lbank12                                bank12       000000
__Lbank13                                bank13       000000
__Lbank14                                bank14       000000
__Lbank15                                bank15       000000
__Lbank2                                 bank2        000000
__Lbank3                                 bank3        000000
__Lbank4                                 bank4        000000
__Lbank5                                 bank5        000000
__Lbank6                                 bank6        000000
__Lbank7                                 bank7        000000
__Lbank8                                 bank8        000000
__Lbank9                                 bank9        000000
__Lbigbss                                bigbss       000000
__Lbigdata                               bigdata      000000
__Lbigram                                bigram       000000
__Lbigsfr                                bigsfr       000000
__Lbss                                   bss          000000
__LbssCOMRAM                             bssCOMRAM    000000
__Lcinit                                 cinit        000000
__Lclrtext                               clrtext      000000
__Lcomram                                comram       000000
__Lconfig                                config       000000
__Lconst                                 const        000000
__LcstackCOMRAM                          cstackCOMRAM 000000
__Ldata                                  data         000000
__LdataCOMRAM                            dataCOMRAM   000000
__Leeprom_data                           eeprom_data  000000
__Lfarbss                                farbss       000000
__Lfardata                               fardata      000000
__Lheap                                  heap         000000
__Libigdata                              ibigdata     000000
__Lidata                                 idata        000000
__LidataCOMRAM                           idataCOMRAM  000000
__Lidloc                                 idloc        000000
__Lifardata                              ifardata     000000
__Linit                                  init         000000
__Lintcode                               intcode      000000
__Lintcode_body                          intcode_body 000000
__Lintcodelo                             intcodelo    000000
__Lintentry                              intentry     000000
__Lintret                                intret       000000
__Lintsave_regs                          intsave_regs 000000
__Lirdata                                irdata       000000
__Lmediumconst                           mediumconst  000000
__LnvFARRAM                              nvFARRAM     000000
__Lnvbit                                 nvbit        000000
__Lnvrram                                nvrram       000000
__Lparam                                 rparam       000000
__Lpowerup                               powerup      000000
__Lram                                   ram          000000
__Lramtop                                ramtop       001000
__Lrbit                                  rbit         000000
__Lrbss                                  rbss         000000
__Lrdata                                 rdata        000000
__Lreset_vec                             reset_vec    000000
__Lrparam                                rparam       000000
__Lsfr                                   sfr          000000
__Lsmallconst                            smallconst   001000
__Lspace_0                               (abs)        000000
__Lspace_1                               (abs)        000000
__Lspace_2                               (abs)        000000
__Lspace_4                               (abs)        000000
__Lstack                                 stack        000000
__Lstruct                                struct       000000
__Ltemp                                  temp         000000
__Ltext                                  text         000000
__Ltext0                                 text0        000000
__Ltext1                                 text1        000000
__Ltext10                                text10       000000
__Ltext11                                text11       000000
__Ltext2                                 text2        000000
__Ltext3                                 text3        000000
__Ltext4                                 text4        000000
__Ltext5                                 text5        000000
__Ltext6                                 text6        000000
__Ltext7                                 text7        000000
__Ltext8                                 text8        000000
__Ltext9                                 text9        000000
__S0                                     (abs)        0016B0
__S1                                     (abs)        000051
__S4                                     (abs)        000000
__S5                                     (abs)        000000
___heap_hi                               (abs)        000000
___heap_lo                               (abs)        000000
___inthi_sp                              stack        000000
___inthi_stack_hi                        stack        000000
___inthi_stack_lo                        stack        000000
___intlo_sp                              stack        000000
___intlo_stack_hi                        stack        000000
___intlo_stack_lo                        stack        000000
___param_bank                            (abs)        000000
___rparam_used                           (abs)        000001
___sp                                    stack        000000
___stack_hi                              stack        000000
___stack_lo                              stack        000000
__accesstop                              (abs)        000080
__activetblptr                           (abs)        000002
__end_of__initialization                 cinit        00160E
__end_of_application_intialize           text4        0016B0
__end_of_btn_values                      smallconst   001011
__end_of_gpio_pin_direction_intialize    text11       001146
__end_of_gpio_pin_intialize              text9        00158A
__end_of_gpio_pin_write_logic            text10       001256
__end_of_lcd_4bit_initialize             text8        0015E2
__end_of_lcd_8bit_initialize             text5        001340
__end_of_lcd_8bit_send_char_data         text3        00144E
__end_of_lcd_8bit_send_command           text6        0014C4
__end_of_lcd_8bit_send_enable_signal     text7        00169E
__end_of_lcd_8bit_send_string_position   text1        00152C
__end_of_lcd_8bit_set_cursor             text2        0013D8
__end_of_main                            text0        00164C
__initialization                         cinit        0015E2
__mediumconst                            mediumconst  000000
__pbssCOMRAM                             bssCOMRAM    00004A
__pcinit                                 cinit        0015E2
__pcstackCOMRAM                          cstackCOMRAM 00002F
__pdataCOMRAM                            dataCOMRAM   000001
__pidataCOMRAM                           idataCOMRAM  00164C
__psmallconst                            smallconst   001000
__ptext0                                 text0        001618
__ptext1                                 text1        0014C4
__ptext10                                text10       001146
__ptext11                                text11       001020
__ptext2                                 text2        001340
__ptext3                                 text3        0013D8
__ptext4                                 text4        00169E
__ptext5                                 text5        001256
__ptext6                                 text6        00144E
__ptext7                                 text7        00167A
__ptext8                                 text8        00158A
__ptext9                                 text9        00152C
__ramtop                                 ramtop       001000
__smallconst                             smallconst   001000
_application_intialize                   text4        00169E
_btn_values                              smallconst   001001
_gpio_pin_direction_intialize            text11       001020
_gpio_pin_intialize                      text9        00152C
_gpio_pin_write_logic                    text10       001146
_lat_registers                           dataCOMRAM   00000B
_lcd_1                                   dataCOMRAM   000029
_lcd_2                                   dataCOMRAM   00001F
_lcd_4bit_initialize                     text8        00158A
_lcd_8bit_initialize                     text5        001256
_lcd_8bit_send_char_data                 text3        0013D8
_lcd_8bit_send_command                   text6        00144E
_lcd_8bit_send_enable_signal             text7        00167A
_lcd_8bit_send_string_position           text1        0014C4
_lcd_8bit_set_cursor                     text2        001340
_main                                    text0        001618
_port_registers                          dataCOMRAM   000001
_tris_registers                          dataCOMRAM   000015
end_of_initialization                    cinit        00160E
gpio_pin_direction_intialize@_pin_config cstackCOMRAM 00002F
gpio_pin_direction_intialize@ret         cstackCOMRAM 000035
gpio_pin_intialize@_pin_config           cstackCOMRAM 000037
gpio_pin_intialize@ret                   cstackCOMRAM 000039
gpio_pin_write_logic@_pin_config         cstackCOMRAM 00002F
gpio_pin_write_logic@logic               cstackCOMRAM 000030
gpio_pin_write_logic@ret                 cstackCOMRAM 000036
intlevel0                                text         000000
intlevel1                                text         000000
intlevel2                                text         000000
intlevel3                                text         000000
isa$std                                  (abs)        000001
isa$xinst                                (abs)        000000
lcd_4bit_initialize@_lcd_                cstackCOMRAM 00003A
lcd_4bit_initialize@l_data_pins_counter  cstackCOMRAM 00003C
lcd_4bit_initialize@ret                  cstackCOMRAM 00003B
lcd_8bit_initialize@_lcd_                cstackCOMRAM 00003F
lcd_8bit_initialize@l_data_pins_counter  cstackCOMRAM 000041
lcd_8bit_initialize@ret                  cstackCOMRAM 000042
lcd_8bit_send_char_data@_lcd_            cstackCOMRAM 000039
lcd_8bit_send_char_data@data             cstackCOMRAM 00003A
lcd_8bit_send_char_data@l_pin_counter    cstackCOMRAM 00003E
lcd_8bit_send_char_data@ret              cstackCOMRAM 00003D
lcd_8bit_send_command@_lcd_              cstackCOMRAM 000039
lcd_8bit_send_command@command            cstackCOMRAM 00003A
lcd_8bit_send_command@l_pin_counter      cstackCOMRAM 00003E
lcd_8bit_send_command@ret                cstackCOMRAM 00003D
lcd_8bit_send_enable_signal@_lcd_        cstackCOMRAM 000037
lcd_8bit_send_enable_signal@ret          cstackCOMRAM 000038
lcd_8bit_send_string_position@_lcd_      cstackCOMRAM 000045
lcd_8bit_send_string_position@column     cstackCOMRAM 000047
lcd_8bit_send_string_position@ret        cstackCOMRAM 000049
lcd_8bit_send_string_position@row        cstackCOMRAM 000046
lcd_8bit_send_string_position@str        cstackCOMRAM 000048
lcd_8bit_set_cursor@_lcd_                cstackCOMRAM 00003F
lcd_8bit_set_cursor@coulmn               cstackCOMRAM 000041
lcd_8bit_set_cursor@ret                  cstackCOMRAM 000044
lcd_8bit_set_cursor@row                  cstackCOMRAM 000040
led_initialize@F2891                     bssCOMRAM    000050
led_turn_off@F2901                       bssCOMRAM    00004E
led_turn_on@F2896                        bssCOMRAM    00004F
led_turn_toggle@F2906                    bssCOMRAM    00004D
relay_initialize@F2885                   bssCOMRAM    00004C
relay_turn_off@F2895                     bssCOMRAM    00004A
relay_turn_on@F2890                      bssCOMRAM    00004B
stackhi                                  (abs)        000000
stacklo                                  (abs)        000000
start                                    init         000000
start_initialization                     cinit        0015E2


MODULE INFORMATION

Module		Function		Class		Link	Load	Size
ECU_Layer/LCD/ecu_lcd.c
		_lcd_8bit_send_string_position		CODE           	14C4	0000	104
		_lcd_8bit_set_cursor		CODE           	1340	0000	152
		_lcd_8bit_send_enable_signal		CODE           	167A	0000	36
		_lcd_8bit_initialize		CODE           	1256	0000	234
		_lcd_8bit_send_command		CODE           	144E	0000	118
		_lcd_4bit_initialize		CODE           	158A	0000	88
		_lcd_8bit_send_char_data		CODE           	13D8	0000	118

ECU_Layer/LCD/ecu_lcd.c estimated size: 850

MCAL_Layer/GPIO/hel_gpio.c
		_gpio_pin_write_logic		CODE           	1146	0000	272
		_gpio_pin_intialize		CODE           	152C	0000	94
		_gpio_pin_direction_intialize		CODE           	1020	0000	294

MCAL_Layer/GPIO/hel_gpio.c estimated size: 660

shared
		_btn_values    		SMALLCONST     	1001	0000	16
		__initialization		CODE           	15E2	0000	44

shared estimated size: 60

application.c
		_main          		CODE           	1618	0000	52
		_application_intialize		CODE           	169E	0000	18

application.c estimated size: 70

