Microchip MPLAB XC8 Compiler V2.45

Linker command line:

-W-3 \
  --edf=C:\Program Files\Microchip\xc8\v2.45\pic\dat\20230818022343_en.msgs \
  -cn -h+dist/default/debug\new_my_project.X.debug.sym \
  --cmf=dist/default/debug\new_my_project.X.debug.cmf -z -Q18F4620 \
  -oC:\Users\mibra\AppData\Local\Temp\xcAseb4.\driver_tmp_3.o \
  --defsym=__MPLAB_BUILD=1 --fixupoverflow=error \
  -Mdist/default/debug/new_my_project.X.debug.map \
  --md=C:\Users\mibra\AppData\Local\Temp\xcAseb4.\driver_tmp_0.dat -E1 \
  -ver=XC8 Compiler --acfsm=1493 -ACODE=00h-0FFFFh -ACONST=00h-0FFFFh \
  -ASMALLCONST=01000h-010FFhx240 -AMEDIUMCONST=01000h-0FFFFh \
  -ACOMRAM=01h-07Fh -AABS1=00h-0F7Fh -ABIGRAM=01h-0F7Fh \
  -ARAM=080h-0FFh,0100h-01FFhx14,0F00h-0F7Fh -ABANK0=080h-0FFh \
  -ABANK1=0100h-01FFh -ABANK2=0200h-02FFh -ABANK3=0300h-03FFh \
  -ABANK4=0400h-04FFh -ABANK5=0500h-05FFh -ABANK6=0600h-06FFh \
  -ABANK7=0700h-07FFh -ABANK8=0800h-08FFh -ABANK9=0900h-09FFh \
  -ABANK10=0A00h-0AFFh -ABANK11=0B00h-0BFFh -ABANK12=0C00h-0CFFh \
  -ABANK13=0D00h-0DFFh -ABANK14=0E00h-0EFFh -ABANK15=0F00h-0F7Fh \
  -ASFR=0F80h-0FFFh -ABIGSFR=0F80h-0FFFh -ACONFIG=0300000h-030000Dh \
  -AIDLOC=0200000h-0200007h -AEEDATA=0F00000h-0F003FFh -peeprom_data=EEDATA \
  -preset_vec=00h,intcode,intcodelo,powerup,init -pramtop=01000h \
  -psmallconst=SMALLCONST -pmediumconst=MEDIUMCONST -pconst=CONST \
  -AFARRAM=00h-00h \
  -prdata=COMRAM,nvrram=COMRAM,nvbit=COMRAM,rbss=COMRAM,rbit=COMRAM \
  -pfarbss=FARRAM,fardata=FARRAM,nvFARRAM=FARRAM \
  -pintsave_regs=BIGRAM,bigbss=BIGRAM,bigdata=BIGRAM -pbss=RAM \
  -pidata=CODE,irdata=CODE,ibigdata=CODE,ifardata=CODE -prparam=COMRAM \
  C:\Users\mibra\AppData\Local\Temp\xcAseb4.\driver_tmp_14.o \
  dist/default/debug\new_my_project.X.debug.o 

Object code version is 3.11

Machine type is 18F4620



                Name                               Link     Load   Length Selector   Space Scale
C:\Users\mibra\AppData\Local\Temp\xcAseb4.\driver_tmp_14.o
                config                           300000   300000        E        0       4
                init                                  0        0        4        0       0
dist/default/debug\new_my_project.X.debug.o
                config                           300000   300000        E        0       4
                smallconst                         1000     1000       20      800       0
                text24                             11D8     11D8      126      810       0
                text23                             12FE     12FE      110      810       0
                text22                             1A1A     1A1A       5E      810       0
                text21                             1D34     1D34       24      810       0
                text20                             1B2E     1B2E       50      810       0
                text19                             1A78     1A78       5C      810       0
                text18                             14F8     14F8       EA      810       0
                text17                             1D10     1D10       24      810       0
                text16                             19A4     19A4       76      810       0
                text15                             140E     140E       EA      810       0
                text14                             1D58     1D58       12      810       0
                text13                             1CB2     1CB2       30      810       0
                text12                             15E2     15E2       C4      810       0
                text11                             16A6     16A6       B0      810       0
                text10                             1C7E     1C7E       34      810       0
                text9                              1D6A     1D6A        2      810       0
                text8                              1756     1756       AA      810       0
                text7                              1020     1020      1B8      810       0
                text6                              1C0C     1C0C       3E      810       0
                text5                              1C4A     1C4A       34      810       0
                text4                              1B7E     1B7E       4C      810       0
                text3                              192E     192E       76      810       0
                text2                              1800     1800       98      810       0
                text1                              1898     1898       96      810       0
                text0                              1AD4     1AD4       5A      810       0
                cstackCOMRAM                          1        1       30        1       1
                bssBANK0                             80       80       20       80       1
                dataCOMRAM                           31       31       2E        1       1
                bssCOMRAM                            5F       5F       11        1       1
                cinit                              1BCA     1BCA       42      810       0
                idataCOMRAM                        1CE2     1CE2       2E      810       0

TOTAL           Name                               Link     Load   Length     Space
        CLASS   CODE           
                init                                  0        0        4         0
                text24                             11D8     11D8      126         0
                text23                             12FE     12FE      110         0
                text22                             1A1A     1A1A       5E         0
                text21                             1D34     1D34       24         0
                text20                             1B2E     1B2E       50         0
                text19                             1A78     1A78       5C         0
                text18                             14F8     14F8       EA         0
                text17                             1D10     1D10       24         0
                text16                             19A4     19A4       76         0
                text15                             140E     140E       EA         0
                text14                             1D58     1D58       12         0
                text13                             1CB2     1CB2       30         0
                text12                             15E2     15E2       C4         0
                text11                             16A6     16A6       B0         0
                text10                             1C7E     1C7E       34         0
                text9                              1D6A     1D6A        2         0
                text8                              1756     1756       AA         0
                text7                              1020     1020      1B8         0
                text6                              1C0C     1C0C       3E         0
                text5                              1C4A     1C4A       34         0
                text4                              1B7E     1B7E       4C         0
                text3                              192E     192E       76         0
                text2                              1800     1800       98         0
                text1                              1898     1898       96         0
                text0                              1AD4     1AD4       5A         0
                cinit                              1BCA     1BCA       42         0
                idataCOMRAM                        1CE2     1CE2       2E         0

        CLASS   CONST          

        CLASS   SMALLCONST     
                smallconst                         1000     1000       20         0

        CLASS   MEDIUMCONST    

        CLASS   COMRAM         
                cstackCOMRAM                          1        1       30         1
                dataCOMRAM                           31       31       2E         1
                bssCOMRAM                            5F       5F       11         1

        CLASS   ABS1           

        CLASS   BIGRAM         

        CLASS   RAM            

        CLASS   BANK0          
                bssBANK0                             80       80       20         1

        CLASS   BANK1          

        CLASS   BANK2          

        CLASS   BANK3          

        CLASS   BANK4          

        CLASS   BANK5          

        CLASS   BANK6          

        CLASS   BANK7          

        CLASS   BANK8          

        CLASS   BANK9          

        CLASS   BANK10         

        CLASS   BANK11         

        CLASS   BANK12         

        CLASS   BANK13         

        CLASS   BANK14         

        CLASS   BANK15         

        CLASS   SFR            

        CLASS   BIGSFR         

        CLASS   CONFIG         
                config                           300000   300000        E         4

        CLASS   IDLOC          

        CLASS   EEDATA         

        CLASS   FARRAM         

        CLASS   HEAP           

        CLASS   STACK          



SEGMENTS        Name                           Load    Length   Top    Selector   Space  Class

                reset_vec                      000000  000004  000004         0       0  CODE    
                cstackCOMRAM                   000001  00006F  000070         1       1  COMRAM  
                bssBANK0                       000080  000020  0000A0        80       1  BANK0   
                smallconst                     001000  000020  001020       800       0  SMALLCON
                text7                          001020  000D4C  001D6C       810       0  CODE    


UNUSED ADDRESS RANGES

        Name                Unused          Largest block    Delta
        BANK0            0000A0-0000FF               60
        BANK1            000100-0001FF              100
        BANK10           000A00-000AFF              100
        BANK11           000B00-000BFF              100
        BANK12           000C00-000CFF              100
        BANK13           000D00-000DFF              100
        BANK14           000E00-000EFF              100
        BANK15           000F00-000F7F               80
        BANK2            000200-0002FF              100
        BANK3            000300-0003FF              100
        BANK4            000400-0004FF              100
        BANK5            000500-0005FF              100
        BANK6            000600-0006FF              100
        BANK7            000700-0007FF              100
        BANK8            000800-0008FF              100
        BANK9            000900-0009FF              100
        BIGRAM           000070-00007F               10
                         0000A0-000F7F              EE0
        BIGSFR           000F80-000FFF               80
        CODE             000004-000FFF              FFC
                         001D6C-00FFFF             E294
        COMRAM           000070-00007F               10
        CONST            000004-000FFF              FFC
                         001D6C-00FFFF             E294
        EEDATA           F00000-F003FF              400
        IDLOC            200000-200007                8
        MEDIUMCONST      001D6C-00FFFF             E294
        RAM              0000A0-000F7F              100
        SFR              000F80-000FFF               80
        SMALLCONST       001D6C-00FFFF              100

                                  Symbol Table

?___awdiv                                cstackCOMRAM 000001
?___awmod                                cstackCOMRAM 000001
?_abs                                    cstackCOMRAM 000007
?_sprintf                                cstackCOMRAM 00001A
?_vfprintf                               cstackCOMRAM 000016
_LATA                                    (abs)        000F89
_LATB                                    (abs)        000F8A
_LATC                                    (abs)        000F8B
_LATD                                    (abs)        000F8C
_LATE                                    (abs)        000F8D
_PORTA                                   (abs)        000F80
_PORTB                                   (abs)        000F81
_PORTC                                   (abs)        000F82
_PORTD                                   (abs)        000F83
_PORTE                                   (abs)        000F84
_TRISA                                   (abs)        000F92
_TRISB                                   (abs)        000F93
_TRISC                                   (abs)        000F94
_TRISD                                   (abs)        000F95
_TRISE                                   (abs)        000F96
__HRAM                                   (abs)        000000
__H__absolute__                          __absolute__ 000000
__Habs1                                  abs1         000000
__Hbank0                                 bank0        000000
__Hbank1                                 bank1        000000
__Hbank10                                bank10       000000
__Hbank11                                bank11       000000
__Hbank12                                bank12       000000
__Hbank13                                bank13       000000
__Hbank14                                bank14       000000
__Hbank15                                bank15       000000
__Hbank2                                 bank2        000000
__Hbank3                                 bank3        000000
__Hbank4                                 bank4        000000
__Hbank5                                 bank5        000000
__Hbank6                                 bank6        000000
__Hbank7                                 bank7        000000
__Hbank8                                 bank8        000000
__Hbank9                                 bank9        000000
__Hbigbss                                bigbss       000000
__Hbigdata                               bigdata      000000
__Hbigram                                bigram       000000
__Hbigsfr                                bigsfr       000000
__Hbss                                   bss          000000
__HbssBANK0                              bssBANK0     000000
__HbssCOMRAM                             bssCOMRAM    000000
__Hcinit                                 cinit        000000
__Hclrtext                               clrtext      000000
__Hcomram                                comram       000000
__Hconfig                                config       30000E
__Hconst                                 const        000000
__HcstackCOMRAM                          cstackCOMRAM 000000
__Hdata                                  data         000000
__HdataCOMRAM                            dataCOMRAM   000000
__Heeprom_data                           eeprom_data  000000
__Hfarbss                                farbss       000000
__Hfardata                               fardata      000000
__Hheap                                  heap         000000
__Hibigdata                              ibigdata     000000
__Hidata                                 idata        000000
__HidataCOMRAM                           idataCOMRAM  000000
__Hidloc                                 idloc        000000
__Hifardata                              ifardata     000000
__Hinit                                  init         000004
__Hintcode                               intcode      000000
__Hintcode_body                          intcode_body 000000
__Hintcodelo                             intcodelo    000000
__Hintentry                              intentry     000000
__Hintret                                intret       000000
__Hintsave_regs                          intsave_regs 000000
__Hirdata                                irdata       000000
__Hmediumconst                           mediumconst  000000
__HnvFARRAM                              nvFARRAM     000000
__Hnvbit                                 nvbit        000000
__Hnvrram                                nvrram       000000
__Hparam                                 rparam       000000
__Hpowerup                               powerup      000000
__Hram                                   ram          000000
__Hramtop                                ramtop       001000
__Hrbit                                  rbit         000000
__Hrbss                                  rbss         000000
__Hrdata                                 rdata        000000
__Hreset_vec                             reset_vec    000000
__Hrparam                                rparam       000000
__Hsfr                                   sfr          000000
__Hsmallconst                            smallconst   001020
__Hspace_0                               (abs)        001D6C
__Hspace_1                               (abs)        0000A0
__Hspace_2                               (abs)        000000
__Hspace_4                               (abs)        60000E
__Hstack                                 stack        000000
__Hstruct                                struct       000000
__Htemp                                  temp         000000
__Htext                                  text         000000
__Htext0                                 text0        000000
__Htext1                                 text1        000000
__Htext10                                text10       000000
__Htext11                                text11       000000
__Htext12                                text12       000000
__Htext13                                text13       000000
__Htext14                                text14       000000
__Htext15                                text15       000000
__Htext16                                text16       000000
__Htext17                                text17       000000
__Htext18                                text18       000000
__Htext19                                text19       000000
__Htext2                                 text2        000000
__Htext20                                text20       000000
__Htext21                                text21       000000
__Htext22                                text22       000000
__Htext23                                text23       000000
__Htext24                                text24       000000
__Htext3                                 text3        000000
__Htext4                                 text4        000000
__Htext5                                 text5        000000
__Htext6                                 text6        000000
__Htext7                                 text7        000000
__Htext8                                 text8        000000
__Htext9                                 text9        000000
__LRAM                                   (abs)        000001
__L__absolute__                          __absolute__ 000000
__Labs1                                  abs1         000000
__Lbank0                                 bank0        000000
__Lbank1                                 bank1        000000
__Lbank10                                bank10       000000
__Lbank11                                bank11       000000
__Lbank12                                bank12       000000
__Lbank13                                bank13       000000
__Lbank14                                bank14       000000
__Lbank15                                bank15       000000
__Lbank2                                 bank2        000000
__Lbank3                                 bank3        000000
__Lbank4                                 bank4        000000
__Lbank5                                 bank5        000000
__Lbank6                                 bank6        000000
__Lbank7                                 bank7        000000
__Lbank8                                 bank8        000000
__Lbank9                                 bank9        000000
__Lbigbss                                bigbss       000000
__Lbigdata                               bigdata      000000
__Lbigram                                bigram       000000
__Lbigsfr                                bigsfr       000000
__Lbss                                   bss          000000
__LbssBANK0                              bssBANK0     000000
__LbssCOMRAM                             bssCOMRAM    000000
__Lcinit                                 cinit        000000
__Lclrtext                               clrtext      000000
__Lcomram                                comram       000000
__Lconfig                                config       000000
__Lconst                                 const        000000
__LcstackCOMRAM                          cstackCOMRAM 000000
__Ldata                                  data         000000
__LdataCOMRAM                            dataCOMRAM   000000
__Leeprom_data                           eeprom_data  000000
__Lfarbss                                farbss       000000
__Lfardata                               fardata      000000
__Lheap                                  heap         000000
__Libigdata                              ibigdata     000000
__Lidata                                 idata        000000
__LidataCOMRAM                           idataCOMRAM  000000
__Lidloc                                 idloc        000000
__Lifardata                              ifardata     000000
__Linit                                  init         000000
__Lintcode                               intcode      000000
__Lintcode_body                          intcode_body 000000
__Lintcodelo                             intcodelo    000000
__Lintentry                              intentry     000000
__Lintret                                intret       000000
__Lintsave_regs                          intsave_regs 000000
__Lirdata                                irdata       000000
__Lmediumconst                           mediumconst  000000
__LnvFARRAM                              nvFARRAM     000000
__Lnvbit                                 nvbit        000000
__Lnvrram                                nvrram       000000
__Lparam                                 rparam       000000
__Lpowerup                               powerup      000000
__Lram                                   ram          000000
__Lramtop                                ramtop       001000
__Lrbit                                  rbit         000000
__Lrbss                                  rbss         000000
__Lrdata                                 rdata        000000
__Lreset_vec                             reset_vec    000000
__Lrparam                                rparam       000000
__Lsfr                                   sfr          000000
__Lsmallconst                            smallconst   001000
__Lspace_0                               (abs)        000000
__Lspace_1                               (abs)        000000
__Lspace_2                               (abs)        000000
__Lspace_4                               (abs)        000000
__Lstack                                 stack        000000
__Lstruct                                struct       000000
__Ltemp                                  temp         000000
__Ltext                                  text         000000
__Ltext0                                 text0        000000
__Ltext1                                 text1        000000
__Ltext10                                text10       000000
__Ltext11                                text11       000000
__Ltext12                                text12       000000
__Ltext13                                text13       000000
__Ltext14                                text14       000000
__Ltext15                                text15       000000
__Ltext16                                text16       000000
__Ltext17                                text17       000000
__Ltext18                                text18       000000
__Ltext19                                text19       000000
__Ltext2                                 text2        000000
__Ltext20                                text20       000000
__Ltext21                                text21       000000
__Ltext22                                text22       000000
__Ltext23                                text23       000000
__Ltext24                                text24       000000
__Ltext3                                 text3        000000
__Ltext4                                 text4        000000
__Ltext5                                 text5        000000
__Ltext6                                 text6        000000
__Ltext7                                 text7        000000
__Ltext8                                 text8        000000
__Ltext9                                 text9        000000
__S0                                     (abs)        001D6C
__S1                                     (abs)        0000A0
__S4                                     (abs)        000000
__S5                                     (abs)        000000
___awdiv                                 text12       0015E2
___awdiv@counter                         cstackCOMRAM 000005
___awdiv@dividend                        cstackCOMRAM 000001
___awdiv@divisor                         cstackCOMRAM 000003
___awdiv@quotient                        cstackCOMRAM 000007
___awdiv@sign                            cstackCOMRAM 000006
___awmod                                 text11       0016A6
___awmod@counter                         cstackCOMRAM 000005
___awmod@dividend                        cstackCOMRAM 000001
___awmod@divisor                         cstackCOMRAM 000003
___awmod@sign                            cstackCOMRAM 000006
___heap_hi                               (abs)        000000
___heap_lo                               (abs)        000000
___inthi_sp                              stack        000000
___inthi_stack_hi                        stack        000000
___inthi_stack_lo                        stack        000000
___intlo_sp                              stack        000000
___intlo_stack_hi                        stack        000000
___intlo_stack_lo                        stack        000000
___param_bank                            (abs)        000000
___rparam_used                           (abs)        000001
___sp                                    stack        000000
___stack_hi                              stack        000000
___stack_lo                              stack        000000
__accesstop                              (abs)        000080
__activetblptr                           (abs)        000002
__end_of___awdiv                         text12       0016A6
__end_of___awmod                         text11       001756
__end_of__initialization                 cinit        001C02
__end_of_abs                             text10       001CB2
__end_of_application_intialize           text14       001D6A
__end_of_btn_values                      smallconst   001011
__end_of_convert_byte_to_string          text4        001BCA
__end_of_fputc                           text8        001800
__end_of_gpio_pin_direction_intialize    text24       0012FE
__end_of_gpio_pin_intialize              text22       001A78
__end_of_gpio_pin_write_logic            text23       00140E
__end_of_lcd_4bit_initialize             text18       0015E2
__end_of_lcd_4bit_send_command           text19       001AD4
__end_of_lcd_4bit_send_enable_signal     text21       001D58
__end_of_lcd_8bit_initialize             text15       0014F8
__end_of_lcd_8bit_send_char_data         text3        0019A4
__end_of_lcd_8bit_send_command           text16       001A1A
__end_of_lcd_8bit_send_enable_signal     text17       001D34
__end_of_lcd_8bit_send_string_position   text1        00192E
__end_of_lcd_8bit_set_cursor             text2        001898
__end_of_lcd_send_4bits                  text20       001B7E
__end_of_main                            text0        001B2E
__end_of_memset                          text13       001CE2
__end_of_putch                           text9        001D6C
__end_of_sprintf                         text5        001C7E
__end_of_vfpfcnvrt                       text7        0011D8
__end_of_vfprintf                        text6        001C4A
__initialization                         cinit        001BCA
__mediumconst                            mediumconst  000000
__pbssBANK0                              bssBANK0     000080
__pbssCOMRAM                             bssCOMRAM    00005F
__pcinit                                 cinit        001BCA
__pcstackCOMRAM                          cstackCOMRAM 000001
__pdataCOMRAM                            dataCOMRAM   000031
__pidataCOMRAM                           idataCOMRAM  001CE2
__psmallconst                            smallconst   001000
__ptext0                                 text0        001AD4
__ptext1                                 text1        001898
__ptext10                                text10       001C7E
__ptext11                                text11       0016A6
__ptext12                                text12       0015E2
__ptext13                                text13       001CB2
__ptext14                                text14       001D58
__ptext15                                text15       00140E
__ptext16                                text16       0019A4
__ptext17                                text17       001D10
__ptext18                                text18       0014F8
__ptext19                                text19       001A78
__ptext2                                 text2        001800
__ptext20                                text20       001B2E
__ptext21                                text21       001D34
__ptext22                                text22       001A1A
__ptext23                                text23       0012FE
__ptext24                                text24       0011D8
__ptext3                                 text3        00192E
__ptext4                                 text4        001B7E
__ptext5                                 text5        001C4A
__ptext6                                 text6        001C0C
__ptext7                                 text7        001020
__ptext8                                 text8        001756
__ptext9                                 text9        001D6A
__ramtop                                 ramtop       001000
__smallconst                             smallconst   001000
_abs                                     text10       001C7E
_application_intialize                   text14       001D58
_btn_values                              smallconst   001001
_convert_byte_to_string                  text4        001B7E
_dbuf                                    bssBANK0     000080
_flags                                   bssCOMRAM    000063
_fputc                                   text8        001756
_gpio_pin_direction_intialize            text24       0011D8
_gpio_pin_intialize                      text22       001A1A
_gpio_pin_write_logic                    text23       0012FE
_lat_registers                           dataCOMRAM   00003B
_lcd_1                                   dataCOMRAM   000059
_lcd_2                                   dataCOMRAM   00004F
_lcd_4bit_initialize                     text18       0014F8
_lcd_4bit_send_command                   text19       001A78
_lcd_4bit_send_enable_signal             text21       001D34
_lcd_8bit_initialize                     text15       00140E
_lcd_8bit_send_char_data                 text3        00192E
_lcd_8bit_send_command                   text16       0019A4
_lcd_8bit_send_enable_signal             text17       001D10
_lcd_8bit_send_string_position           text1        001898
_lcd_8bit_set_cursor                     text2        001800
_lcd_counter                             bssCOMRAM    000064
_lcd_counter_text                        bssCOMRAM    00006C
_lcd_send_4bits                          text20       001B2E
_main                                    text0        001AD4
_memset                                  text13       001CB2
_port_registers                          dataCOMRAM   000031
_prec                                    bssCOMRAM    000061
_putch                                   text9        001D6A
_sprintf                                 text5        001C4A
_tris_registers                          dataCOMRAM   000045
_vfpfcnvrt                               text7        001020
_vfprintf                                text6        001C0C
_width                                   bssCOMRAM    00005F
abs@a                                    cstackCOMRAM 000007
convert_byte_to_string@ret               cstackCOMRAM 00002F
convert_byte_to_string@str               cstackCOMRAM 00002D
convert_byte_to_string@value             cstackCOMRAM 00002E
end_of_initialization                    cinit        001C02
fputc@c                                  cstackCOMRAM 000001
fputc@fp                                 cstackCOMRAM 000003
gpio_pin_direction_intialize@_pin_config cstackCOMRAM 000001
gpio_pin_direction_intialize@ret         cstackCOMRAM 000007
gpio_pin_intialize@_pin_config           cstackCOMRAM 000009
gpio_pin_intialize@ret                   cstackCOMRAM 00000B
gpio_pin_write_logic@_pin_config         cstackCOMRAM 000001
gpio_pin_write_logic@logic               cstackCOMRAM 000002
gpio_pin_write_logic@ret                 cstackCOMRAM 000008
intlevel0                                text         000000
intlevel1                                text         000000
intlevel2                                text         000000
intlevel3                                text         000000
isa$std                                  (abs)        000001
isa$xinst                                (abs)        000000
lcd_4bit_initialize@_lcd_                cstackCOMRAM 00000F
lcd_4bit_initialize@l_data_pins_counter  cstackCOMRAM 000011
lcd_4bit_initialize@ret                  cstackCOMRAM 000012
lcd_4bit_send_command@_lcd_              cstackCOMRAM 00000C
lcd_4bit_send_command@command            cstackCOMRAM 00000D
lcd_4bit_send_command@ret                cstackCOMRAM 00000E
lcd_4bit_send_enable_signal@_lcd_        cstackCOMRAM 000009
lcd_4bit_send_enable_signal@ret          cstackCOMRAM 00000A
lcd_8bit_initialize@_lcd_                cstackCOMRAM 000011
lcd_8bit_initialize@l_data_pins_counter  cstackCOMRAM 000013
lcd_8bit_initialize@ret                  cstackCOMRAM 000014
lcd_8bit_send_char_data@_lcd_            cstackCOMRAM 00000B
lcd_8bit_send_char_data@data             cstackCOMRAM 00000C
lcd_8bit_send_char_data@l_pin_counter    cstackCOMRAM 000010
lcd_8bit_send_char_data@ret              cstackCOMRAM 00000F
lcd_8bit_send_command@_lcd_              cstackCOMRAM 00000B
lcd_8bit_send_command@command            cstackCOMRAM 00000C
lcd_8bit_send_command@l_pin_counter      cstackCOMRAM 000010
lcd_8bit_send_command@ret                cstackCOMRAM 00000F
lcd_8bit_send_enable_signal@_lcd_        cstackCOMRAM 000009
lcd_8bit_send_enable_signal@ret          cstackCOMRAM 00000A
lcd_8bit_send_string_position@_lcd_      cstackCOMRAM 000017
lcd_8bit_send_string_position@column     cstackCOMRAM 000019
lcd_8bit_send_string_position@ret        cstackCOMRAM 00001C
lcd_8bit_send_string_position@row        cstackCOMRAM 000018
lcd_8bit_send_string_position@str        cstackCOMRAM 00001A
lcd_8bit_set_cursor@_lcd_                cstackCOMRAM 000011
lcd_8bit_set_cursor@coulmn               cstackCOMRAM 000013
lcd_8bit_set_cursor@ret                  cstackCOMRAM 000016
lcd_8bit_set_cursor@row                  cstackCOMRAM 000012
lcd_send_4bits@_data_command             cstackCOMRAM 00000A
lcd_send_4bits@_lcd_                     cstackCOMRAM 000009
lcd_send_4bits@ret                       cstackCOMRAM 00000B
led_initialize@F3058                     bssCOMRAM    00006B
led_turn_off@F3068                       bssCOMRAM    000069
led_turn_on@F3063                        bssCOMRAM    00006A
led_turn_toggle@F3073                    bssCOMRAM    000068
memset@c                                 cstackCOMRAM 000002
memset@dest                              cstackCOMRAM 000001
memset@n                                 cstackCOMRAM 000004
memset@p                                 cstackCOMRAM 000006
relay_initialize@F3052                   bssCOMRAM    000067
relay_turn_off@F3062                     bssCOMRAM    000065
relay_turn_on@F3057                      bssCOMRAM    000066
sprintf@ap                               cstackCOMRAM 000020
sprintf@f                                cstackCOMRAM 000021
sprintf@fmt                              cstackCOMRAM 00001B
sprintf@s                                cstackCOMRAM 00001A
stackhi                                  (abs)        000000
stacklo                                  (abs)        000000
start                                    init         000000
start_initialization                     cinit        001BCA
vfpfcnvrt@ap                             cstackCOMRAM 00000D
vfpfcnvrt@c                              cstackCOMRAM 000015
vfpfcnvrt@convarg                        cstackCOMRAM 000011
vfpfcnvrt@cp                             cstackCOMRAM 000010
vfpfcnvrt@done                           cstackCOMRAM 00000F
vfpfcnvrt@fmt                            cstackCOMRAM 00000C
vfpfcnvrt@fp                             cstackCOMRAM 00000B
vfprintf@ap                              cstackCOMRAM 000018
vfprintf@cfmt                            cstackCOMRAM 000019
vfprintf@fmt                             cstackCOMRAM 000017
vfprintf@fp                              cstackCOMRAM 000016


MODULE INFORMATION

Module		Function		Class		Link	Load	Size
ECU_Layer/LCD/ecu_lcd.c
		_lcd_8bit_send_string_position		CODE           	1898	0000	150
		_lcd_8bit_set_cursor		CODE           	1800	0000	152
		_lcd_8bit_send_enable_signal		CODE           	1D10	0000	36
		_lcd_4bit_send_command		CODE           	1A78	0000	92
		_lcd_send_4bits		CODE           	1B2E	0000	80
		_lcd_4bit_send_enable_signal		CODE           	1D34	0000	36
		_lcd_8bit_initialize		CODE           	140E	0000	234
		_lcd_8bit_send_command		CODE           	19A4	0000	118
		_convert_byte_to_string		CODE           	1B7E	0000	76
		_lcd_4bit_initialize		CODE           	14F8	0000	234
		_lcd_8bit_send_char_data		CODE           	192E	0000	118

ECU_Layer/LCD/ecu_lcd.c estimated size: 1326

MCAL_Layer/GPIO/hel_gpio.c
		_gpio_pin_write_logic		CODE           	12FE	0000	272
		_gpio_pin_intialize		CODE           	1A1A	0000	94
		_gpio_pin_direction_intialize		CODE           	11D8	0000	294

MCAL_Layer/GPIO/hel_gpio.c estimated size: 660

C:\Program Files\Microchip\xc8\v2.45\pic\sources\c99\common\nf_sprintf.c
		_sprintf       		CODE           	1C4A	0000	52

C:\Program Files\Microchip\xc8\v2.45\pic\sources\c99\common\nf_sprintf.c estimated size: 52

C:\Program Files\Microchip\xc8\v2.45\pic\sources\c99\common\awmod.c
		___awmod       		CODE           	16A6	0000	176

C:\Program Files\Microchip\xc8\v2.45\pic\sources\c99\common\awmod.c estimated size: 176

C:\Program Files\Microchip\xc8\v2.45\pic\sources\c99\common\putch.c
		_putch         		CODE           	1D6A	0000	2

C:\Program Files\Microchip\xc8\v2.45\pic\sources\c99\common\putch.c estimated size: 2

shared
		_btn_values    		SMALLCONST     	1001	0000	16
		__initialization		CODE           	1BCA	0000	56

shared estimated size: 72

C:\Program Files\Microchip\xc8\v2.45\pic\sources\c99\common\abs.c
		_abs           		CODE           	1C7E	0000	52

C:\Program Files\Microchip\xc8\v2.45\pic\sources\c99\common\abs.c estimated size: 52

C:\Program Files\Microchip\xc8\v2.45\pic\sources\c99\common\memset.c
		_memset        		CODE           	1CB2	0000	48

C:\Program Files\Microchip\xc8\v2.45\pic\sources\c99\common\memset.c estimated size: 48

application.c
		_main          		CODE           	1AD4	0000	90
		_application_intialize		CODE           	1D58	0000	18

application.c estimated size: 108

C:\Program Files\Microchip\xc8\v2.45\pic\sources\c99\common\nf_fputc.c
		_fputc         		CODE           	1756	0000	170

C:\Program Files\Microchip\xc8\v2.45\pic\sources\c99\common\nf_fputc.c estimated size: 170

C:\Program Files\Microchip\xc8\v2.45\pic\sources\c99\common\doprnt.c
		_vfpfcnvrt     		CODE           	1020	0000	440
		_vfprintf      		CODE           	1C0C	0000	62

C:\Program Files\Microchip\xc8\v2.45\pic\sources\c99\common\doprnt.c estimated size: 502

C:\Program Files\Microchip\xc8\v2.45\pic\sources\c99\common\awdiv.c
		___awdiv       		CODE           	15E2	0000	196

C:\Program Files\Microchip\xc8\v2.45\pic\sources\c99\common\awdiv.c estimated size: 196

